// Jest Snapshot v1, https://goo.gl/fbAQLP

exports[`Test Login renders correctly a Login's component 1`] = `
<ContextConsumer>
  <Component />
</ContextConsumer>
`;
