// Jest Snapshot v1, https://goo.gl/fbAQLP

exports[`Test Navbar renders correctly a Navbar 1`] = `
<ContextConsumer>
  <Component />
</ContextConsumer>
`;
