// Jest Snapshot v1, https://goo.gl/fbAQLP

exports[`Test NewPullRequestsProject renders correctly a NewPullRequestsProject's component 1`] = `
<div>
  <Redirect
    push={false}
    to="/login"
  />
</div>
`;
