// Jest Snapshot v1, https://goo.gl/fbAQLP

exports[`Test ProjectRepositoryList renders correctly a component to show Repositorie Project's list 1`] = `
<div>
  <Redirect
    push={false}
    to="/login"
  />
</div>
`;
