// Jest Snapshot v1, https://goo.gl/fbAQLP

exports[`Test PullRequestCommentsCollapsible renders correctly a component to show PullRequestCommentsCollapsible 1`] = `
<CollapsibleCard
  isActive={false}
>
  <div
    className="collapsible-header"
    style={
      Object {
        "display": "flex",
        "justifyContent": "space-between",
      }
    }
  >
    <div
      style={
        Object {
          "display": "flex",
        }
      }
    >
      <div
        style={
          Object {
            "backgroundColor": "red",
            "borderRadius": "0.5rem",
            "color": "white",
            "height": "27px",
            "marginRight": "1rem",
            "textAlign": "center",
            "width": "2rem",
          }
        }
      />
      Coment√°rios
    </div>
  </div>
</CollapsibleCard>
`;
